⚠ 沒有任何鏡頭做地面校正 → 重疊路徑退回常數證據 (overlap_llr,已知過度自信,見第六輪 R8)
讀偵測快取 results/det_cache/coco_nano/seq_004(不載入 RF-DETR),人的 class_id = 1,事後門檻 0.1
影片:
  camera_6camera_6_2023-06-08-12_29_08.avi8545 幀 / 285 秒 / 30.0 fps
stride=1 → 跑完整支需 251 迴圈;本次會跑 251 迴圈(100.0%)
TTL=600 迴圈 = 20 秒影片時間
片段模式:fid 7585 ~ 7835(clip_id=L2-seq_004-c6-6-007585)

==================================================================
處理 251 迴圈 × 1 鏡頭,耗時 0.0 分 (p50 0 / p95 0 / max 15 ms/迴圈)
影片覆蓋:100.0%(處理到 t=261.2s / 285s)
偵測到「人」637 次,各鏡頭:{'camera_6': 637}
綁定決策 8 次,其中沿用既有 chef 0 次
最終 chef_id 數:8
候選數分布(0=開新人、1=唯一候選):{0: 3, 3: 4, 4: 1}
常駐狀態:{'active': 4, 'gone': 4, 'track_to_chef': 4, '_exit': 4, '_cam': 4, '_pending_exit': 2, '_world': 0, '_vel': 0, 'margin_blocked': 0, 'same_cam_conflicts': 0, 'revotes': 0, 'revote_switch': 0, 'revote_no_emb': 0, '_votes': 0, 'revote_pending': 0, 'revote_resolved': 0}
輸出:results\clips\runs\L2-seq_004-c6-6-007585\s1\chef_events.jsonl
      results\clips\runs\L2-seq_004-c6-6-007585\s1/(tracks.csv, track_events.csv, resident.csv, run_meta.json)

     t(s) 鏡頭           track  chef    綁定      分數   候選
   252.83 camera_6         0     1     新    0.00    0
   255.37 camera_6         1     2     新    0.00    0
   255.37 camera_6         2     3     新    0.00    0
   258.63 camera_6         3     4     新    1.32    3
   258.67 camera_6         4     5     新    1.28    3
   259.10 camera_6         5     6     新    0.73    3
   259.20 camera_6         6     7     新    0.53    3
   261.10 camera_6         7     8     新   -0.88    4
