⚠ 沒有任何鏡頭做地面校正 → 重疊路徑退回常數證據 (overlap_llr,已知過度自信,見第六輪 R8)
讀偵測快取 results/det_cache/coco_nano/seq_025(不載入 RF-DETR),人的 class_id = 1,事後門檻 0.1
影片:
  camera_6camera_6_2023-12-04-12_11_17.avi8094 幀 / 270 秒 / 30.0 fps
  camera_7camera_7_2023-12-04-12_11_17.avi8069 幀 / 269 秒 / 30.0 fps
stride=1 → 跑完整支需 376 迴圈;本次會跑 376 迴圈(100.0%)
TTL=600 迴圈 = 20 秒影片時間
片段模式:fid 4360 ~ 4735(clip_id=L3S-seq_025-c6+c7-10-004360)

==================================================================
處理 376 迴圈 × 2 鏡頭,耗時 0.0 分 (p50 0 / p95 2 / max 16 ms/迴圈)
影片覆蓋:100.0%(處理到 t=157.8s / 270s)
偵測到「人」687 次,各鏡頭:{'camera_6': 415, 'camera_7': 272}
綁定決策 8 次,其中沿用既有 chef 0 次
最終 chef_id 數:8
候選數分布(0=開新人、1=唯一候選):{0: 5, 4: 3}
常駐狀態:{'active': 1, 'gone': 7, 'track_to_chef': 1, '_exit': 7, '_cam': 1, '_pending_exit': 0, '_world': 0, '_vel': 0, 'margin_blocked': 0, 'same_cam_conflicts': 0, 'revotes': 0, 'revote_switch': 0, 'revote_no_emb': 0, '_votes': 0, 'revote_pending': 0, 'revote_resolved': 0}
輸出:results\clips\runs\L3S-seq_025-c6+c7-10-004360\s1\chef_events.jsonl
      results\clips\runs\L3S-seq_025-c6+c7-10-004360\s1/(tracks.csv, track_events.csv, resident.csv, run_meta.json)

     t(s) 鏡頭           track  chef    綁定      分數   候選
   145.33 camera_6         0     1     新    0.00    0
   147.03 camera_6         1     2     新    0.00    0
   147.07 camera_6         2     3     新    0.00    0
   147.80 camera_7         0     4     新    0.00    0
   148.17 camera_7         1     5     新    0.00    0
   154.70 camera_6         3     6     新   -1.38    4
   154.97 camera_6         4     7     新   -1.53    4
   155.83 camera_6         5     8     新   -2.00    4
