
======================================================================
C  topo=epfl_blind_unknown  embedder=none
======================================================================
  偵測到「人」379 次,各鏡頭:{'cam1': 124, 'cam2': 119, 'cam3': 136}
  綁定決策 9 次,其中沿用既有 chef 0 次
  最終 chef_id 數:9
  候選數分布(0=開新人、1=唯一候選):{0: 8, 1: 1}

======================================================================
D  topo=epfl_blind_unknown  embedder=dinov2
======================================================================
  偵測到「人」379 次,各鏡頭:{'cam1': 124, 'cam2': 119, 'cam3': 136}
  綁定決策 9 次,其中沿用既有 chef 0 次
  最終 chef_id 數:9
  候選數分布(0=開新人、1=唯一候選):{0: 8, 1: 1}

======================================================================
E  topo=epfl_demo  embedder=dinov2
======================================================================
  偵測到「人」379 次,各鏡頭:{'cam1': 124, 'cam2': 119, 'cam3': 136}
  綁定決策 9 次,其中沿用既有 chef 8 次
  最終 chef_id 數:1
  候選數分布(0=開新人、1=唯一候選):{0: 1, 1: 8}

==============================================================================
消融結果 —— EPFL 單人、三台鏡頭
==============================================================================
  組   條件                              chef_id     綁定     沿用      平均分數
  --------------------------------------------------------------------
  A   三對重疊 / 無外觀                            1      9      8      3.81
  B   無拓撲 / 無外觀                             9      9      0      0.00
  C   無拓撲+未建模路徑 / 無外觀                       9      9      0      0.00
  D   無拓撲+未建模路徑 / DINOv2                    9      9      0      0.00
  E   三對重疊 / DINOv2                         1      9      8      5.29

  判讀:
    A vs B(拓撲的貢獻):1 個 → 9 個 身份
      → 拿掉拓撲資訊,系統完全綁不起來。**能力來自知道鏡頭怎麼擺。**
    C vs D(外觀的貢獻,無拓撲時):身份 9 → 9,平均分數 +0.00 nats
    A vs E(外觀的貢獻,有拓撲時):身份 1 → 1,平均分數 +1.49 nats

  已存 D:\產學合作\智慧廚房\smart_test\results\m5_ablate\ablation.json
