⚠ 沒有任何鏡頭做地面校正 → 重疊路徑退回常數證據 (overlap_llr,已知過度自信,見第六輪 R8)
讀偵測快取 results/det_cache/coco_nano/seq_000(不載入 RF-DETR),人的 class_id = 1,事後門檻 0.1
影片:
  camera_5camera_5_2023-06-02-11_14_26.avi8920 幀 / 297 秒 / 30.0 fps
stride=5 → 跑完整支需 71 迴圈;本次會跑 71 迴圈(100.0%)
TTL=600 迴圈 = 100 秒影片時間
片段模式:fid 4035 ~ 4385(clip_id=L1-seq_000-c5-6-004035)

==================================================================
處理 71 迴圈 × 1 鏡頭,耗時 0.0 分 (p50 0 / p95 1 / max 2 ms/迴圈)
影片覆蓋:100.0%(處理到 t=146.2s / 297s)
偵測到「人」760 次,各鏡頭:{'camera_5': 760}
綁定決策 7 次,其中沿用既有 chef 0 次
最終 chef_id 數:7
候選數分布(0=開新人、1=唯一候選):{0: 3, 1: 4}
常駐狀態:{'active': 6, 'gone': 1, 'track_to_chef': 6, '_exit': 1, '_cam': 6, '_pending_exit': 2, '_world': 0, '_vel': 0, 'margin_blocked': 0, 'same_cam_conflicts': 0, 'revotes': 0, 'revote_switch': 0, 'revote_no_emb': 0, '_votes': 0, 'revote_pending': 0, 'revote_resolved': 0}
輸出:results\clips\runs\L1-seq_000-c5-6-004035\s5\chef_events.jsonl
      results\clips\runs\L1-seq_000-c5-6-004035\s5/(tracks.csv, track_events.csv, resident.csv, run_meta.json)

     t(s) 鏡頭           track  chef    綁定      分數   候選
   134.50 camera_5         0     1     新    0.00    0
   134.50 camera_5         1     2     新    0.00    0
   139.50 camera_5         2     3     新    0.00    0
   139.83 camera_5         3     4     新   -0.93    1
   142.67 camera_5         4     5     新   -4.03    1
   144.33 camera_5         5     6     新   -5.77    1
   145.67 camera_5         6     7     新   -4.67    1
