⚠ 沒有任何鏡頭做地面校正 → 重疊路徑退回常數證據 (overlap_llr,已知過度自信,見第六輪 R8)
讀偵測快取 results/det_cache/coco_nano/seq_025(不載入 RF-DETR),人的 class_id = 1,事後門檻 0.1
影片:
  camera_1camera_1_2023-12-04-12_11_17.avi8093 幀 / 270 秒 / 30.0 fps
  camera_2camera_2_2023-12-04-12_11_17.avi8089 幀 / 270 秒 / 30.0 fps
  camera_3camera_3_2023-12-04-12_11_17.avi8087 幀 / 270 秒 / 30.0 fps
stride=5 → 跑完整支需 23 迴圈;本次會跑 23 迴圈(100.0%)
TTL=600 迴圈 = 100 秒影片時間
片段模式:fid 1780 ~ 1890(clip_id=L3S-seq_025-c1+c2+c3-7-001780)

==================================================================
處理 23 迴圈 × 3 鏡頭,耗時 0.0 分 (p50 0 / p95 3 / max 6 ms/迴圈)
影片覆蓋:100.0%(處理到 t=63.0s / 270s)
偵測到「人」123 次,各鏡頭:{'camera_1': 24, 'camera_2': 49, 'camera_3': 50}
綁定決策 4 次,其中沿用既有 chef 2 次
最終 chef_id 數:2
候選數分布(0=開新人、1=唯一候選):{0: 2, 1: 2}
常駐狀態:{'active': 2, 'gone': 0, 'track_to_chef': 4, '_exit': 0, '_cam': 2, '_pending_exit': 2, '_world': 0, '_vel': 0, 'margin_blocked': 0, 'same_cam_conflicts': 1, 'revotes': 0, 'revote_switch': 0, 'revote_no_emb': 0, '_votes': 0, 'revote_pending': 0, 'revote_resolved': 0}
輸出:results\clips\runs\L3S-seq_025-c1+c2+c3-7-001780\s5\chef_events.jsonl
      results\clips\runs\L3S-seq_025-c1+c2+c3-7-001780\s5/(tracks.csv, track_events.csv, resident.csv, run_meta.json)

     t(s) 鏡頭           track  chef    綁定      分數   候選
    59.33 camera_1         0     1     新    0.00    0
    59.33 camera_2         0     2     新    0.00    0
    60.83 camera_3         0     2     是    3.81    1
    61.00 camera_3         1     2     是    3.81    1
