⚠ 沒有任何鏡頭做地面校正 → 重疊路徑退回常數證據 (overlap_llr,已知過度自信,見第六輪 R8)
讀偵測快取 results/det_cache/coco_nano/seq_024(不載入 RF-DETR),人的 class_id = 1,事後門檻 0.1
影片:
  camera_6camera_6_2023-12-01-11_05_52.avi16998 幀 / 567 秒 / 30.0 fps
  camera_7camera_7_2023-12-01-11_05_52.avi16969 幀 / 566 秒 / 30.0 fps
stride=1 → 跑完整支需 416 迴圈;本次會跑 416 迴圈(100.0%)
TTL=600 迴圈 = 20 秒影片時間
片段模式:fid 12745 ~ 13160(clip_id=L3S-seq_024-c6+c7-14-012745)

==================================================================
處理 416 迴圈 × 2 鏡頭,耗時 0.1 分 (p50 0 / p95 3 / max 202 ms/迴圈)
影片覆蓋:100.0%(處理到 t=438.7s / 567s)
偵測到「人」774 次,各鏡頭:{'camera_6': 384, 'camera_7': 390}
綁定決策 9 次,其中沿用既有 chef 0 次
最終 chef_id 數:9
候選數分布(0=開新人、1=唯一候選):{0: 5, 4: 2, 5: 2}
常駐狀態:{'active': 1, 'gone': 8, 'track_to_chef': 1, '_exit': 8, '_cam': 1, '_pending_exit': 0, '_world': 0, '_vel': 0, 'margin_blocked': 0, 'same_cam_conflicts': 0, 'revotes': 0, 'revote_switch': 0, 'revote_no_emb': 0, '_votes': 0, 'revote_pending': 0, 'revote_resolved': 0}
輸出:results\clips\runs\L3S-seq_024-c6+c7-14-012745\s1\chef_events.jsonl
      results\clips\runs\L3S-seq_024-c6+c7-14-012745\s1/(tracks.csv, track_events.csv, resident.csv, run_meta.json)

     t(s) 鏡頭           track  chef    綁定      分數   候選
   424.83 camera_6         0     1     新    0.00    0
   426.87 camera_6         1     2     新    0.00    0
   427.33 camera_7         0     3     新    0.00    0
   427.53 camera_6         2     4     新    0.00    0
   427.73 camera_6         3     5     新    0.00    0
   429.70 camera_7         1     6     新   -1.54    4
   429.70 camera_7         2     7     新   -1.54    4
   435.57 camera_6         4     8     新   -2.13    6
   435.87 camera_6         5     9     新   -2.28    6
