⚠ 沒有任何鏡頭做地面校正 → 重疊路徑退回常數證據 (overlap_llr,已知過度自信,見第六輪 R8)
讀偵測快取 results/det_cache/coco_nano/seq_000(不載入 RF-DETR),人的 class_id = 1,事後門檻 0.1
影片:
  camera_6camera_6_2023-06-02-11_14_26.avi8874 幀 / 296 秒 / 30.0 fps
  camera_7camera_7_2023-06-02-11_14_26.avi8931 幀 / 298 秒 / 30.0 fps
stride=5 → 跑完整支需 35 迴圈;本次會跑 35 迴圈(100.0%)
TTL=600 迴圈 = 100 秒影片時間
片段模式:fid 4450 ~ 4620(clip_id=L3S-seq_000-c6+c7-9-004450)

==================================================================
處理 35 迴圈 × 2 鏡頭,耗時 0.0 分 (p50 0 / p95 0 / max 5 ms/迴圈)
影片覆蓋:100.0%(處理到 t=154.0s / 298s)
偵測到「人」105 次,各鏡頭:{'camera_6': 86, 'camera_7': 19}
綁定決策 3 次,其中沿用既有 chef 0 次
最終 chef_id 數:3
候選數分布(0=開新人、1=唯一候選):{0: 3}
常駐狀態:{'active': 3, 'gone': 0, 'track_to_chef': 3, '_exit': 0, '_cam': 3, '_pending_exit': 2, '_world': 0, '_vel': 0, 'margin_blocked': 0, 'same_cam_conflicts': 0, 'revotes': 0, 'revote_switch': 0, 'revote_no_emb': 0, '_votes': 0, 'revote_pending': 0, 'revote_resolved': 0}
輸出:results\clips\runs\L3S-seq_000-c6+c7-9-004450\s5\chef_events.jsonl
      results\clips\runs\L3S-seq_000-c6+c7-9-004450\s5/(tracks.csv, track_events.csv, resident.csv, run_meta.json)

     t(s) 鏡頭           track  chef    綁定      分數   候選
   148.33 camera_6         0     1     新    0.00    0
   148.33 camera_6         1     2     新    0.00    0
   148.33 camera_7         0     3     新    0.00    0
