⚠ 沒有任何鏡頭做地面校正 → 重疊路徑退回常數證據 (overlap_llr,已知過度自信,見第六輪 R8)
讀偵測快取 results/det_cache/coco_nano/seq_024(不載入 RF-DETR),人的 class_id = 1,事後門檻 0.1
影片:
  camera_5camera_5_2023-12-01-11_05_52.avi16981 幀 / 566 秒 / 30.0 fps
  camera_6camera_6_2023-12-01-11_05_52.avi16998 幀 / 567 秒 / 30.0 fps
stride=5 → 跑完整支需 30 迴圈;本次會跑 30 迴圈(100.0%)
TTL=600 迴圈 = 100 秒影片時間
片段模式:fid 625 ~ 770(clip_id=L3T-seq_024-c5+c6-10-000625)

==================================================================
處理 30 迴圈 × 2 鏡頭,耗時 0.0 分 (p50 1 / p95 1 / max 2 ms/迴圈)
影片覆蓋:100.0%(處理到 t=25.7s / 567s)
偵測到「人」301 次,各鏡頭:{'camera_5': 269, 'camera_6': 32}
綁定決策 4 次,其中沿用既有 chef 1 次
最終 chef_id 數:3
候選數分布(0=開新人、1=唯一候選):{0: 3, 3: 1}
常駐狀態:{'active': 3, 'gone': 0, 'track_to_chef': 4, '_exit': 0, '_cam': 3, '_pending_exit': 3, '_world': 0, '_vel': 0, 'margin_blocked': 0, 'same_cam_conflicts': 0, 'revotes': 0, 'revote_switch': 0, 'revote_no_emb': 0, '_votes': 0, 'revote_pending': 0, 'revote_resolved': 0}
輸出:results\clips\runs\L3T-seq_024-c5+c6-10-000625\s5\chef_events.jsonl
      results\clips\runs\L3T-seq_024-c5+c6-10-000625\s5/(tracks.csv, track_events.csv, resident.csv, run_meta.json)

     t(s) 鏡頭           track  chef    綁定      分數   候選
    20.83 camera_6         0     1     新    0.00    0
    20.83 camera_6         1     2     新    0.00    0
    21.17 camera_6         2     3     新    0.00    0
    24.17 camera_5         0     3     是    2.71    3
