⚠ 沒有任何鏡頭做地面校正 → 重疊路徑退回常數證據 (overlap_llr,已知過度自信,見第六輪 R8)
讀偵測快取 results/det_cache/coco_nano/seq_024(不載入 RF-DETR),人的 class_id = 1,事後門檻 0.1
影片:
  camera_6camera_6_2023-12-01-11_05_52.avi16998 幀 / 567 秒 / 30.0 fps
  camera_7camera_7_2023-12-01-11_05_52.avi16969 幀 / 566 秒 / 30.0 fps
stride=5 → 跑完整支需 75 迴圈;本次會跑 75 迴圈(100.0%)
TTL=600 迴圈 = 100 秒影片時間
片段模式:fid 10250 ~ 10620(clip_id=L3S-seq_024-c6+c7-7-010250)

==================================================================
處理 75 迴圈 × 2 鏡頭,耗時 0.0 分 (p50 6 / p95 12 / max 112 ms/迴圈)
影片覆蓋:100.0%(處理到 t=354.0s / 567s)
偵測到「人」117 次,各鏡頭:{'camera_6': 53, 'camera_7': 64}
綁定決策 5 次,其中沿用既有 chef 3 次
最終 chef_id 數:2
候選數分布(0=開新人、1=唯一候選):{0: 2, 2: 3}
常駐狀態:{'active': 1, 'gone': 1, 'track_to_chef': 3, '_exit': 1, '_cam': 1, '_pending_exit': 2, '_world': 0, '_vel': 0, 'margin_blocked': 0, 'same_cam_conflicts': 1, 'revotes': 0, 'revote_switch': 0, 'revote_no_emb': 0, '_votes': 0, 'revote_pending': 0, 'revote_resolved': 0}
輸出:results\single_best\runs\L3S-seq_024-c6+c7-7-010250\s5\chef_events.jsonl
      results\single_best\runs\L3S-seq_024-c6+c7-7-010250\s5/(tracks.csv, track_events.csv, resident.csv, run_meta.json)

     t(s) 鏡頭           track  chef    綁定      分數   候選
   341.67 camera_6         0     1     新    0.00    0
   343.33 camera_6         1     2     新    0.00    0
   344.17 camera_7         0     2     是    3.83    2
   351.83 camera_6         2     2     是    5.07    2
   352.00 camera_6         3     2     是    5.25    2
Using cache found in C:\Users\AII Lab/.cache\torch\hub\facebookresearch_dinov2_main
C:\Users\AII Lab/.cache\torch\hub\facebookresearch_dinov2_main\dinov2\layers\swiglu_ffn.py:51: UserWarning: xFormers is not available (SwiGLU)
  warnings.warn("xFormers is not available (SwiGLU)")
C:\Users\AII Lab/.cache\torch\hub\facebookresearch_dinov2_main\dinov2\layers\attention.py:33: UserWarning: xFormers is not available (Attention)
  warnings.warn("xFormers is not available (Attention)")
C:\Users\AII Lab/.cache\torch\hub\facebookresearch_dinov2_main\dinov2\layers\block.py:40: UserWarning: xFormers is not available (Block)
  warnings.warn("xFormers is not available (Block)")
Using cache found in C:\Users\AII Lab/.cache\torch\hub\facebookresearch_dinov2_main
Using cache found in C:\Users\AII Lab/.cache\torch\hub\facebookresearch_dinov2_main
