⚠ 沒有任何鏡頭做地面校正 → 重疊路徑退回常數證據 (overlap_llr,已知過度自信,見第六輪 R8)
讀偵測快取 results/det_cache/coco_nano/seq_000(不載入 RF-DETR),人的 class_id = 1,事後門檻 0.1
影片:
  camera_1camera_1_2023-06-02-11_14_25.avi8918 幀 / 297 秒 / 30.0 fps
stride=1 → 跑完整支需 666 迴圈;本次會跑 666 迴圈(100.0%)
TTL=600 迴圈 = 20 秒影片時間
片段模式:fid 385 ~ 1050(clip_id=L1-seq_000-c1-5-000385)

==================================================================
處理 666 迴圈 × 1 鏡頭,耗時 0.0 分 (p50 0 / p95 1 / max 15 ms/迴圈)
影片覆蓋:100.0%(處理到 t=35.0s / 297s)
偵測到「人」1729 次,各鏡頭:{'camera_1': 1729}
綁定決策 7 次,其中沿用既有 chef 0 次
最終 chef_id 數:7
候選數分布(0=開新人、1=唯一候選):{0: 4, 1: 1, 2: 1, 3: 1}
常駐狀態:{'active': 3, 'gone': 2, 'track_to_chef': 3, '_exit': 2, '_cam': 3, '_pending_exit': 1, '_world': 0, '_vel': 0, 'margin_blocked': 0, 'same_cam_conflicts': 0, 'revotes': 0, 'revote_switch': 0, 'revote_no_emb': 0, '_votes': 0, 'revote_pending': 0, 'revote_resolved': 0}
輸出:results\clips\runs\L1-seq_000-c1-5-000385\s1\chef_events.jsonl
      results\clips\runs\L1-seq_000-c1-5-000385\s1/(tracks.csv, track_events.csv, resident.csv, run_meta.json)

     t(s) 鏡頭           track  chef    綁定      分數   候選
    12.83 camera_1         0     1     新    0.00    0
    12.83 camera_1         1     2     新    0.00    0
    13.07 camera_1         2     3     新    0.00    0
    13.47 camera_1         3     4     新    0.00    0
    22.97 camera_1         4     5     新   -3.80    3
    31.67 camera_1         5     6     新   -4.53    2
    34.47 camera_1         6     7     新   -7.38    1
