⚠ 沒有任何鏡頭做地面校正 → 重疊路徑退回常數證據 (overlap_llr,已知過度自信,見第六輪 R8)
讀偵測快取 results/det_cache/coco_nano/seq_024(不載入 RF-DETR),人的 class_id = 1,事後門檻 0.1
影片:
  camera_6camera_6_2023-12-01-11_05_52.avi16998 幀 / 567 秒 / 30.0 fps
  camera_7camera_7_2023-12-01-11_05_52.avi16969 幀 / 566 秒 / 30.0 fps
stride=5 → 跑完整支需 25 迴圈;本次會跑 25 迴圈(100.0%)
TTL=600 迴圈 = 100 秒影片時間
片段模式:fid 16490 ~ 16610(clip_id=L3S-seq_024-c6+c7-6-016490)

==================================================================
處理 25 迴圈 × 2 鏡頭,耗時 0.0 分 (p50 0 / p95 4 / max 10 ms/迴圈)
影片覆蓋:100.0%(處理到 t=553.7s / 567s)
偵測到「人」60 次,各鏡頭:{'camera_6': 45, 'camera_7': 15}
綁定決策 5 次,其中沿用既有 chef 0 次
最終 chef_id 數:5
候選數分布(0=開新人、1=唯一候選):{0: 5}
常駐狀態:{'active': 5, 'gone': 0, 'track_to_chef': 5, '_exit': 0, '_cam': 5, '_pending_exit': 5, '_world': 0, '_vel': 0, 'margin_blocked': 0, 'same_cam_conflicts': 0, 'revotes': 0, 'revote_switch': 0, 'revote_no_emb': 0, '_votes': 0, 'revote_pending': 0, 'revote_resolved': 0}
輸出:results\clips\runs\L3S-seq_024-c6+c7-6-016490\s5\chef_events.jsonl
      results\clips\runs\L3S-seq_024-c6+c7-6-016490\s5/(tracks.csv, track_events.csv, resident.csv, run_meta.json)

     t(s) 鏡頭           track  chef    綁定      分數   候選
   549.67 camera_6         0     1     新    0.00    0
   549.67 camera_6         1     2     新    0.00    0
   550.00 camera_7         0     3     新    0.00    0
   551.33 camera_6         2     4     新    0.00    0
   551.67 camera_6         3     5     新    0.00    0
