⚠ 沒有任何鏡頭做地面校正 → 重疊路徑退回常數證據 (overlap_llr,已知過度自信,見第六輪 R8)
讀偵測快取 results/det_cache/coco_nano/seq_026(不載入 RF-DETR),人的 class_id = 1,事後門檻 0.1
影片:
  camera_7camera_7_2023-12-05-12_12_13.avi7741 幀 / 258 秒 / 30.0 fps
stride=1 → 跑完整支需 261 迴圈;本次會跑 261 迴圈(100.0%)
TTL=600 迴圈 = 20 秒影片時間
片段模式:fid 4120 ~ 4380(clip_id=L1-seq_026-c7-11-004120)

==================================================================
處理 261 迴圈 × 1 鏡頭,耗時 0.0 分 (p50 0 / p95 1 / max 4 ms/迴圈)
影片覆蓋:100.0%(處理到 t=146.0s / 258s)
偵測到「人」326 次,各鏡頭:{'camera_7': 326}
綁定決策 3 次,其中沿用既有 chef 0 次
最終 chef_id 數:3
候選數分布(0=開新人、1=唯一候選):{0: 2, 1: 1}
常駐狀態:{'active': 2, 'gone': 1, 'track_to_chef': 2, '_exit': 1, '_cam': 2, '_pending_exit': 1, '_world': 0, '_vel': 0, 'margin_blocked': 0, 'same_cam_conflicts': 0, 'revotes': 0, 'revote_switch': 0, 'revote_no_emb': 0, '_votes': 0, 'revote_pending': 0, 'revote_resolved': 0}
輸出:results\clips\runs\L1-seq_026-c7-11-004120\s1\chef_events.jsonl
      results\clips\runs\L1-seq_026-c7-11-004120\s1/(tracks.csv, track_events.csv, resident.csv, run_meta.json)

     t(s) 鏡頭           track  chef    綁定      分數   候選
   137.33 camera_7         0     1     新    0.00    0
   137.73 camera_7         1     2     新    0.00    0
   145.23 camera_7         2     3     新   -1.91    1
