⚠ 沒有任何鏡頭做地面校正 → 重疊路徑退回常數證據 (overlap_llr,已知過度自信,見第六輪 R8)
讀偵測快取 results/det_cache/coco_nano/seq_020(不載入 RF-DETR),人的 class_id = 1,事後門檻 0.1
影片:
  camera_5camera_5_2023-07-26-13_21_40.avi13906 幀 / 464 秒 / 30.0 fps
  camera_6camera_6_2023-07-26-13_21_40.avi13906 幀 / 464 秒 / 30.0 fps
stride=1 → 跑完整支需 211 迴圈;本次會跑 211 迴圈(100.0%)
TTL=600 迴圈 = 20 秒影片時間
片段模式:fid 385 ~ 595(clip_id=L3T-seq_020-c5+c6-10-000385)

==================================================================
處理 211 迴圈 × 2 鏡頭,耗時 0.0 分 (p50 0 / p95 2 / max 14 ms/迴圈)
影片覆蓋:100.0%(處理到 t=19.8s / 464s)
偵測到「人」1179 次,各鏡頭:{'camera_5': 777, 'camera_6': 402}
綁定決策 6 次,其中沿用既有 chef 0 次
最終 chef_id 數:6
候選數分布(0=開新人、1=唯一候選):{0: 3, 2: 2, 4: 1}
常駐狀態:{'active': 2, 'gone': 4, 'track_to_chef': 2, '_exit': 4, '_cam': 2, '_pending_exit': 1, '_world': 0, '_vel': 0, 'margin_blocked': 0, 'same_cam_conflicts': 0, 'revotes': 0, 'revote_switch': 0, 'revote_no_emb': 0, '_votes': 0, 'revote_pending': 0, 'revote_resolved': 0}
輸出:results\clips\runs\L3T-seq_020-c5+c6-10-000385\s1\chef_events.jsonl
      results\clips\runs\L3T-seq_020-c5+c6-10-000385\s1/(tracks.csv, track_events.csv, resident.csv, run_meta.json)

     t(s) 鏡頭           track  chef    綁定      分數   候選
    12.83 camera_5         0     1     新    0.00    0
    12.90 camera_5         1     2     新    0.00    0
    13.10 camera_5         2     3     新    0.00    0
    16.20 camera_6         0     4     新   -2.41    2
    16.37 camera_6         1     5     新   -2.41    2
    19.33 camera_6         2     6     新   -0.40    4
